src/App.tsx(34,17): error TS2339: Property 'loading' does not exist on type 'AuthContextProps'.
src/App.tsx(53,17): error TS2339: Property 'loading' does not exist on type 'AuthContextProps'.
src/components/ui/calendar.tsx(55,17): error TS2353: Object literal may only specify known properties, and 'IconLeft' does not exist in type 'Partial<CustomComponents>'.
src/pages/DashboardPage.tsx(53,25): error TS2322: Type '{ userRole: UserRole; }' is not assignable to type 'IntrinsicAttributes'.
  Property 'userRole' does not exist on type 'IntrinsicAttributes'.
src/pages/doctor/AppointmentsPage.tsx(150,32): error TS2322: Type '{ onSelectAppointment: (appointment: any) => void; }' is not assignable to type 'IntrinsicAttributes'.
  Property 'onSelectAppointment' does not exist on type 'IntrinsicAttributes'.
src/pages/doctor/AppointmentsPage.tsx(242,13): error TS2322: Type '{ patientName: string | undefined; patientId: string | undefined; onClose: () => void; }' is not assignable to type 'IntrinsicAttributes'.
  Property 'patientName' does not exist on type 'IntrinsicAttributes'.
src/pages/ehr/AppointmentsPage.tsx(403,9): error TS2322: Type '{ open: boolean; onOpenChange: Dispatch<SetStateAction<boolean>>; onSubmit: (data: any) => void; }' is not assignable to type 'IntrinsicAttributes'.
  Property 'open' does not exist on type 'IntrinsicAttributes'.
src/pages/ehr/DiseasePrevalencePage.tsx(26,32): error TS2322: Type '{ onExportReport: () => void; }' is not assignable to type 'IntrinsicAttributes'.
  Property 'onExportReport' does not exist on type 'IntrinsicAttributes'.
src/pages/ehr/DiseasePrevalencePage.tsx(29,9): error TS2322: Type '{ searchTerm: string; timeRange: string; ageGroup: string; gender: string; onSearchChange: Dispatch<SetStateAction<string>>; onTimeRangeChange: Dispatch<SetStateAction<string>>; onAgeGroupChange: Dispatch<...>; onGenderChange: Dispatch<...>; }' is not assignable to type 'IntrinsicAttributes'.
  Property 'searchTerm' does not exist on type 'IntrinsicAttributes'.
src/pages/ehr/DiseasePrevalencePage.tsx(40,9): error TS2322: Type '{ filteredData: { id: string; disease: string; cases: number; ageGroup: string; gender: string; period: string; department: string; riskFactor: string; region: string; percentageIncrease: string; }[]; totalCount: number; onViewDetails: (id: string) => void; }' is not assignable to type 'IntrinsicAttributes'.
  Property 'filteredData' does not exist on type 'IntrinsicAttributes'.
src/pages/ehr/EHRDashboard.tsx(75,26): error TS2322: Type '{ onOpenModal: () => void; }' is not assignable to type 'IntrinsicAttributes'.
  Property 'onOpenModal' does not exist on type 'IntrinsicAttributes'.
src/pages/ehr/EHRDashboard.tsx(79,11): error TS2322: Type '{ open: boolean; onOpenChange: Dispatch<SetStateAction<boolean>>; onSave: (data: any) => void; }' is not assignable to type 'IntrinsicAttributes'.
  Property 'open' does not exist on type 'IntrinsicAttributes'.
src/pages/ehr/EHRDashboard.tsx(85,22): error TS2322: Type '{ searchQuery: string; setSearchQuery: Dispatch<SetStateAction<string>>; }' is not assignable to type 'IntrinsicAttributes'.
  Property 'searchQuery' does not exist on type 'IntrinsicAttributes'.
src/pages/ehr/EHRDashboard.tsx(97,13): error TS2322: Type '{ patients: { id: string; name: string; age: number; gender: string; status: string; lastVisit: string; records: number; }[]; filteredPatients: { id: string; name: string; age: number; gender: string; status: string; lastVisit: string; records: number; }[]; }' is not assignable to type 'IntrinsicAttributes'.
  Property 'patients' does not exist on type 'IntrinsicAttributes'.
src/pages/ehr/PatientManagementPage.tsx(7,37): error TS2307: Cannot find module '@/components/ehr/patient-management/PatientManagementHeader' or its corresponding type declarations.
src/pages/ehr/PatientManagementPage.tsx(8,34): error TS2307: Cannot find module '@/components/ehr/patient-management/PatientSearchFilters' or its corresponding type declarations.
src/pages/ehr/PatientManagementPage.tsx(9,30): error TS2307: Cannot find module '@/components/ehr/patient-management/PatientListTable' or its corresponding type declarations.
src/pages/ehr/PatientManagementPage.tsx(10,37): error TS2307: Cannot find module '@/components/ehr/patient-management/PatientsTablePagination' or its corresponding type declarations.
src/pages/ehr/PatientManagementPage.tsx(11,34): error TS2307: Cannot find module '@/components/ehr/patient-management/PatientOverviewStats' or its corresponding type declarations.
src/pages/ehr/PatientManagementPage.tsx(15,33): error TS2307: Cannot find module '@/components/ehr/MedicalHistoryModal' or its corresponding type declarations.
src/pages/ehr/PatientManagementPage.tsx(16,31): error TS2307: Cannot find module '@/components/ehr/ShareRecordsModal' or its corresponding type declarations.
src/pages/ehr/PatientManagementPage.tsx(17,36): error TS2307: Cannot find module '@/components/ehr/PatientStatisticsModal' or its corresponding type declarations.
src/pages/ehr/PatientManagementPage.tsx(18,33): error TS2307: Cannot find module '@/components/ehr/WardAssignmentModal' or its corresponding type declarations.
src/pages/ehr/PatientManagementPage.tsx(79,9): error TS2322: Type '{ open: boolean; onOpenChange: Dispatch<SetStateAction<boolean>>; onSave: (data: any) => void; }' is not assignable to type 'IntrinsicAttributes'.
  Property 'open' does not exist on type 'IntrinsicAttributes'.
src/pages/ehr/PatientRecordsPage.tsx(9,24): error TS2307: Cannot find module '@/components/ehr/PageHeader' or its corresponding type declarations.
src/pages/ehr/PatientRecordsPage.tsx(10,34): error TS2307: Cannot find module '@/components/ehr/PatientSearchFilters' or its corresponding type declarations.
src/pages/ehr/PatientRecordsPage.tsx(11,30): error TS2307: Cannot find module '@/components/ehr/PatientCardsList' or its corresponding type declarations.
src/pages/ehr/PatientRecordsPage.tsx(12,29): error TS2307: Cannot find module '@/components/ehr/PatientInfoCard' or its corresponding type declarations.
src/pages/ehr/PatientRecordsPage.tsx(13,27): error TS2307: Cannot find module '@/components/ehr/PatientVitals' or its corresponding type declarations.
src/pages/ehr/PatientRecordsPage.tsx(14,24): error TS2307: Cannot find module '@/components/ehr/RecordTabs' or its corresponding type declarations.
src/pages/ehr/PatientRecordsPage.tsx(15,26): error TS2307: Cannot find module '@/components/ehr/RecordsTable' or its corresponding type declarations.
src/pages/ehr/PatientRecordsPage.tsx(16,27): error TS2307: Cannot find module '@/components/ehr/NewRecordForm' or its corresponding type declarations.
src/pages/ehr/PatientRecordsPage.tsx(17,27): error TS2307: Cannot find module '@/components/ehr/VitalSignsTab' or its corresponding type declarations.
src/pages/ehr/PatientRecordsPage.tsx(18,27): error TS2307: Cannot find module '@/components/ehr/ProceduresTab' or its corresponding type declarations.
src/pages/ehr/PatientRecordsPage.tsx(19,26): error TS2307: Cannot find module '@/components/ehr/AllergiesTab' or its corresponding type declarations.
src/pages/ehr/PatientRecordsPage.tsx(20,31): error TS2307: Cannot find module '@/components/ehr/MedicalHistoryTab' or its corresponding type declarations.
src/pages/ehr/PatientStatisticsPage.tsx(34,8): error TS2307: Cannot find module 'recharts' or its corresponding type declarations.
src/pages/ehr/PatientStatisticsPage.tsx(233,31): error TS7031: Binding element 'name' implicitly has an 'any' type.
src/pages/ehr/PatientStatisticsPage.tsx(233,37): error TS7031: Binding element 'percent' implicitly has an 'any' type.
src/pages/LoginPage.tsx(26,11): error TS2801: This condition will always return true since this 'Promise<boolean>' is always defined.
src/pages/nurse/MedicationPage.tsx(74,30): error TS7006: Parameter 'e' implicitly has an 'any' type.
src/pages/nurse/MedicationPage.tsx(79,29): error TS7006: Parameter 'med' implicitly has an 'any' type.
src/pages/nurse/MedicationPage.tsx(92,35): error TS7006: Parameter 'e' implicitly has an 'any' type.
src/pages/nurse/MedicationPage.tsx(96,18): error TS18047: 'selectedMedication' is possibly 'null'.
src/pages/nurse/MedicationPage.tsx(110,25): error TS18047: 'selectedMedication' is possibly 'null'.
src/pages/nurse/MedicationPage.tsx(110,74): error TS18047: 'selectedMedication' is possibly 'null'.
src/pages/nurse/MedicationPage.tsx(185,45): error TS18047: 'selectedMedication' is possibly 'null'.
src/pages/nurse/MedicationPage.tsx(189,45): error TS18047: 'selectedMedication' is possibly 'null'.
src/pages/nurse/MedicationPage.tsx(193,45): error TS18047: 'selectedMedication' is possibly 'null'.
src/pages/nurse/MedicationPage.tsx(197,45): error TS18047: 'selectedMedication' is possibly 'null'.
src/pages/nurse/MedicationPage.tsx(201,45): error TS18047: 'selectedMedication' is possibly 'null'.
src/pages/nurse/MedicationPage.tsx(205,45): error TS18047: 'selectedMedication' is possibly 'null'.
src/pages/nurse/NurseDashboard.tsx(18,23): error TS7006: Parameter 'menu' implicitly has an 'any' type.
src/pages/nurse/NurseDashboard.tsx(21,16): error TS7053: Element implicitly has an 'any' type because expression of type 'any' can't be used to index type '{ patients: boolean; medication: boolean; vitalSigns: boolean; tasks: boolean; wards: boolean; emergency: boolean; communication: boolean; }'.
src/pages/nurse/VitalsPage.tsx(27,30): error TS7006: Parameter 'e' implicitly has an 'any' type.
src/pages/nurse/VitalsPage.tsx(32,25): error TS7006: Parameter 'e' implicitly has an 'any' type.
src/pages/nurse/VitalsPage.tsx(35,42): error TS18047: 'selectedPatient' is possibly 'null'.
src/pages/nurse/VitalsPage.tsx(75,76): error TS2339: Property 'id' does not exist on type 'never'.
src/pages/nurse/VitalsPage.tsx(84,61): error TS2345: Argument of type '{ id: string; name: string; room: string; lastVitalsTime: string; }' is not assignable to parameter of type 'SetStateAction<null>'.
  Type '{ id: string; name: string; room: string; lastVitalsTime: string; }' provides no match for the signature '(prevState: null): null'.
src/pages/nurse/VitalsPage.tsx(100,58): error TS2339: Property 'name' does not exist on type 'never'.
src/routes/auth.ts(5,16): error TS2307: Cannot find module '../config/database' or its corresponding type declarations.
src/server.ts(13,33): error TS2307: Cannot find module './config/database' or its corresponding type declarations.
src/server.ts(17,24): error TS2307: Cannot find module './routes/users' or its corresponding type declarations.
src/server.ts(18,27): error TS2307: Cannot find module './routes/patients' or its corresponding type declarations.
src/server.ts(19,31): error TS2307: Cannot find module './routes/appointments' or its corresponding type declarations.
src/server.ts(20,33): error TS2307: Cannot find module './routes/medicalRecords' or its corresponding type declarations.
src/server.ts(21,29): error TS2307: Cannot find module './routes/vitalSigns' or its corresponding type declarations.
src/server.ts(22,29): error TS2307: Cannot find module './routes/labResults' or its corresponding type declarations.
src/server.ts(23,32): error TS2307: Cannot find module './routes/prescriptions' or its corresponding type declarations.
src/server.ts(24,29): error TS2307: Cannot find module './routes/analytics' or its corresponding type declarations.
src/server/middleware/auth.ts(37,12): error TS7030: Not all code paths return a value.
src/server/routes/appointments.routes.ts(8,23): error TS7030: Not all code paths return a value.
src/server/routes/appointments.routes.ts(48,26): error TS7030: Not all code paths return a value.
src/server/routes/appointments.routes.ts(75,24): error TS7030: Not all code paths return a value.
src/server/routes/appointments.routes.ts(124,26): error TS7030: Not all code paths return a value.
src/server/routes/appointments.routes.ts(144,29): error TS7030: Not all code paths return a value.
src/server/routes/appointments.routes.ts(158,45): error TS7030: Not all code paths return a value.
src/server/routes/auth.routes.ts(10,23): error TS7030: Not all code paths return a value.
src/server/routes/auth.routes.ts(47,24): error TS7030: Not all code paths return a value.
src/server/routes/claims.routes.ts(16,23): error TS7030: Not all code paths return a value.
src/server/routes/claims.routes.ts(53,26): error TS7030: Not all code paths return a value.
src/server/routes/claims.routes.ts(82,42): error TS7030: Not all code paths return a value.
src/server/routes/claims.routes.ts(102,24): error TS7030: Not all code paths return a value.
src/server/routes/claims.routes.ts(153,33): error TS7030: Not all code paths return a value.
src/server/routes/claims.routes.ts(178,56): error TS7030: Not all code paths return a value.
src/server/routes/claims.routes.ts(205,55): error TS7030: Not all code paths return a value.
src/server/routes/claims.routes.ts(235,64): error TS7030: Not all code paths return a value.
src/server/routes/hmo.routes.ts(9,32): error TS7030: Not all code paths return a value.
src/server/routes/hmo.routes.ts(29,36): error TS7030: Not all code paths return a value.
src/server/routes/hmo.routes.ts(49,55): error TS7030: Not all code paths return a value.
src/server/routes/hmo.routes.ts(94,58): error TS7030: Not all code paths return a value.
src/server/routes/hmo.routes.ts(122,61): error TS7030: Not all code paths return a value.
src/server/routes/hmo.routes.ts(143,45): error TS7030: Not all code paths return a value.
src/server/routes/hmo.routes.ts(167,35): error TS7030: Not all code paths return a value.
src/server/routes/hmo.routes.ts(194,54): error TS7030: Not all code paths return a value.
src/server/routes/hmo.routes.ts(232,57): error TS7030: Not all code paths return a value.
src/server/routes/hmo.routes.ts(266,60): error TS7030: Not all code paths return a value.
src/server/routes/hmo.routes.ts(286,44): error TS7030: Not all code paths return a value.
src/server/routes/hmo.routes.ts(302,53): error TS7030: Not all code paths return a value.
src/server/routes/hmo.routes.ts(338,56): error TS7030: Not all code paths return a value.
src/server/routes/hmo.routes.ts(364,59): error TS7030: Not all code paths return a value.
src/server/routes/hmo.routes.ts(384,45): error TS7030: Not all code paths return a value.
src/server/routes/hmo.routes.ts(456,38): error TS7030: Not all code paths return a value.
src/server/routes/lab.routes.ts(8,23): error TS7030: Not all code paths return a value.
src/server/routes/lab.routes.ts(48,26): error TS7030: Not all code paths return a value.
src/server/routes/lab.routes.ts(66,24): error TS7030: Not all code paths return a value.
src/server/routes/lab.routes.ts(102,26): error TS7030: Not all code paths return a value.
src/server/routes/lab.routes.ts(131,29): error TS7030: Not all code paths return a value.
src/server/routes/lab.routes.ts(145,37): error TS7030: Not all code paths return a value.
src/server/routes/lab.routes.ts(165,49): error TS7030: Not all code paths return a value.
src/server/routes/medical-records.routes.ts(8,23): error TS7030: Not all code paths return a value.
src/server/routes/medical-records.routes.ts(46,26): error TS7030: Not all code paths return a value.
src/server/routes/medical-records.routes.ts(70,24): error TS7030: Not all code paths return a value.
src/server/routes/medical-records.routes.ts(108,26): error TS7030: Not all code paths return a value.
src/server/routes/medical-records.routes.ts(131,29): error TS7030: Not all code paths return a value.
src/server/routes/medical-records.routes.ts(142,49): error TS7030: Not all code paths return a value.
src/server/routes/medical-records.routes.ts(162,37): error TS7030: Not all code paths return a value.
src/server/routes/nhis.routes.ts(48,43): error TS7030: Not all code paths return a value.
src/server/routes/nhis.routes.ts(71,40): error TS7030: Not all code paths return a value.
src/server/routes/nhis.routes.ts(91,47): error TS7030: Not all code paths return a value.
src/server/routes/nhis.routes.ts(111,59): error TS7030: Not all code paths return a value.
src/server/routes/nhis.routes.ts(137,62): error TS7030: Not all code paths return a value.
src/server/routes/nhis.routes.ts(192,29): error TS7030: Not all code paths return a value.
src/server/routes/patients.routes.ts(8,23): error TS7030: Not all code paths return a value.
src/server/routes/patients.routes.ts(56,26): error TS7030: Not all code paths return a value.
src/server/routes/patients.routes.ts(88,24): error TS7030: Not all code paths return a value.
src/server/routes/patients.routes.ts(138,26): error TS7030: Not all code paths return a value.
src/server/routes/patients.routes.ts(166,29): error TS7030: Not all code paths return a value.
src/server/routes/preauth.routes.ts(61,26): error TS7030: Not all code paths return a value.
src/server/routes/preauth.routes.ts(92,37): error TS7030: Not all code paths return a value.
src/server/routes/preauth.routes.ts(112,24): error TS7030: Not all code paths return a value.
src/server/routes/preauth.routes.ts(154,26): error TS7030: Not all code paths return a value.
src/server/routes/preauth.routes.ts(181,66): error TS7030: Not all code paths return a value.
src/server/routes/preauth.routes.ts(218,65): error TS7030: Not all code paths return a value.
src/server/routes/preauth.routes.ts(244,39): error TS7030: Not all code paths return a value.
src/server/routes/preauth.routes.ts(314,38): error TS7030: Not all code paths return a value.
src/server/routes/prescriptions.routes.ts(45,26): error TS7030: Not all code paths return a value.
src/server/routes/prescriptions.routes.ts(63,24): error TS7030: Not all code paths return a value.
src/server/routes/referrals.routes.ts(61,26): error TS7030: Not all code paths return a value.
src/server/routes/referrals.routes.ts(101,41): error TS7030: Not all code paths return a value.
src/server/routes/referrals.routes.ts(121,56): error TS7030: Not all code paths return a value.
src/server/routes/referrals.routes.ts(173,26): error TS7030: Not all code paths return a value.
src/server/routes/referrals.routes.ts(200,33): error TS7030: Not all code paths return a value.
src/server/routes/referrals.routes.ts(231,35): error TS7030: Not all code paths return a value.
src/server/routes/referrals.routes.ts(257,33): error TS7030: Not all code paths return a value.
src/server/routes/referrals.routes.ts(319,43): error TS7030: Not all code paths return a value.
src/server/routes/users.routes.ts(72,48): error TS7030: Not all code paths return a value.
src/server/routes/vital-signs.routes.ts(41,24): error TS7030: Not all code paths return a value.
